
Memory Configuration

Name             Origin             Length             Attributes
ram              0x80000000         0x00500000         xrw
*default*        0x00000000         0xffffffff

Linker script and memory map

                0x00000000                __DYNAMIC=0x0
                0x00400000                PROVIDE (__stack, 0x400000)
                0x00000000                PROVIDE (hardware_init_hook, 0x0)
                0x00000000                PROVIDE (_hardware_init_hook, 0x0)
                0x00000000                PROVIDE (software_init_hook, 0x0)
                0x00000000                PROVIDE (_software_init_hook, 0x0)

.text           0x80000000     0x6900
 *(.text)
 .text          0x80000000      0x208 S2_LastChange.o
                0x8000015e                S2_LastChangeEventHandler00000
                0x800000cc                S2_LastChange_main
                0x80000000                S2_LastChange_EventHandler
 .text          0x80000208     0x5836 library.o
                0x800043f4                RotateRightLong
                0x80004a02                IsSystem
                0x80004358                Seed
                0x80001c50                Remove
                0x80003fd4                Ltoa
                0x80003d00                Atoi
                0x80003068                InitRampInfoArray
                0x800047ae                Right
                0x800057de                LockInputSema
                0x80004282                Mod
                0x8000446a                Getc
                0x800041b6                SMuldiv
                0x800049e4                IsHidden
                0x8000409a                Min
                0x800055f2                hextosi
                0x80004b88                WriteIntegerArray
                0x800050fe                GetSignedIntArrayElementPtr
                0x80003a22                CheckStructArray
                0x80005606                hextosl
                0x80004d0e                WriteSignedIntegerArray
                0x800036ea                InitStringParamArray
                0x800029bc                ReadSignedLongIntegerArray
                0x800018de                GatherToDelimiter
                0x8000350e                InitStringArray
                0x80004074                Max
                0x80004a3e                IsReadOnly
                0x8000417e                SMax
                0x80001a82                GatherByLength
                0x80003f0e                Chr
                0x80004b60                ReadSignedLongInteger
                0x80003f8c                Itohex
                0x80003994                GetStructArrayElement
                0x80003c88                UNS_SetByte
                0x80004782                ReverseFindi
                0x80002e64                ReadStringArray
                0x80004f0e                GetIntArrayElementPtr
                0x800045be                Lower
                0x80004374                RotateLeft
                0x80005726                ResizeIfAutogrow
                0x80003194                CheckInputArray
                0x80000776                ResizeStringArray
                0x80003ea0                Atosl
                0x80003cc8                High
                0x80004324                Rnd
                0x80004246                UMod
                0x800043ca                RotateLeftLong
                0x80005852                FindNumericChar
                0x80005356                CheckIOArrayBounds2
                0x8000499c                MakeProgramFilename
                0x8000419a                SMin
                0x800044f2                Left
                0x80004434                CheckBufferThreshold
                0x80004b18                ReadSignedInteger
                0x80003cf2                LowWord
                0x80000208                Bit
                0x80004ac8                ReadLongInteger
                0x80003b06                Byte
                0x80005006                GetLongArrayElementPtr
                0x80004754                ReverseFind
                0x800049b2                GetSeries
                0x8000591e                InitTcpServer
                0x800045a6                Len
                0x80005426                InitializeRampInfoInternal
                0x800040c0                Divide
                0x80003e0c                Atol
                0x800049a8                GetModelNumber
                0x800052ee                CheckIOArrayBounds
                0x800031ee                CheckStringInputArray
                0x80004dd0                WriteSignedLongIntegerArray
                0x800038de                GetStringArrayElement
                0x80004018                Ltohex
                0x80003f44                Itoa
                0x8000439e                RotateRight
                0x80001f3e                InternalReverseFind
                0x80004aa8                WriteLongInteger
                0x80003412                InitDynamicStringStruct
                0x80003304                SetStringArray
                0x8000279a                ReadSignedIntegerArray
                0x80003248                SetOutputArray
                0x80004a58                WriteInteger
                0x80003872                InitStructDynamicArray
                0x800021c8                SetString
                0x800042be                Random
                0x80004af0                WriteSignedInteger
                0x8000046c                Find
                0x800049bc                GetProgramNumber
                0x80004692                Mid
                0x80005890                InitTcpClient
                0x8000135a                ResizeStructArray
                0x800051f6                GetSignedLongArrayElementPtr
                0x80005618                hextol
                0x80002bde                ReadString
                0x800035a4                InitDynamicStringArray
                0x800056fe                UpperChar
                0x80003d9c                Atosi
                0x80004a80                ReadInteger
                0x80004132                Muldiv
                0x800032b6                SetStringOutputArray
                0x80004e94                WriteString
                0x80000dce                ResizeIntegerArray
                0x8000315c                InitInOutArray
                0x800037b2                InitNvramStringArray
                0x8000405c                Abs
                0x80004202                SDivide
                0x80002358                ReadIntegerArray
                0x80000318                CompareStrings
                0x800056d6                LowerChar
                0x800059ae                InitUdpSocket
                0x8000441c                ClearBuffer
                0x8000486a                Upper
                0x8000384e                InitStructArray
                0x80004940                MakeLower
                0x80004a20                IsVolume
                0x80001daa                RemoveByLength
                0x80003a9e                CheckStringOutputArrayIndex
                0x80004c4a                WriteLongIntegerArray
                0x800054d2                InitRampInfoStructArray
                0x80003ce4                HighWord
                0x800005e0                ResizeString
                0x800049c6                IsDirectory
                0x80002578                ReadLongIntegerArray
                0x80003cd6                Low
                0x80001784                Gather
                0x8000496e                MakeUpper
                0x800033d4                InitStringStruct
                0x800053be                CheckStringArrayBounds
                0x80004104                CheckDenominator
                0x800055da                hextoi
                0x80002cfc                WriteStringArray
                0x80003bc6                SetByte
                0x8000547c                InitializeRampInfo
                0x80005818                UnLockInputSema
                0x80004b40                WriteSignedLongInteger
                0x800034c6                InitNvramStringStruct
 *fill*         0x80005a3e        0x2
                0x80005a40                .=ALIGN(0x10)
 *(.eh_frame)
                0x80005a40                .=ALIGN(0x10)
 *(.gnu.linkonce.t.*)
                0x80005a40                .=ALIGN(0x4)
                0x80005a40                __CTOR_LIST__=.
                0x80005a40                ___CTOR_LIST__=.
                0x80005a40        0x4 LONG 0x0 (((__CTOR_END__-__CTOR_LIST__)/0x4)-0x2)
 *(.ctors)
                0x80005a44        0x4 LONG 0x0
                0x80005a48                __CTOR_END__=.
                0x80005a48                __DTOR_LIST__=.
                0x80005a48                ___DTOR_LIST__=.
                0x80005a48        0x4 LONG 0x0 (((__DTOR_END__-__DTOR_LIST__)/0x4)-0x2)
 *(.dtors)
                0x80005a4c        0x4 LONG 0x0
                0x80005a50                __DTOR_END__=.
 *(.rodata)
 .rodata        0x80005a50      0x240 S2_LastChange.o
 .rodata        0x80005c90      0xc54 library.o
 *(.gcc_except_table)
                0x800068e4                .=ALIGN(0x2)
                0x800068e4                __INIT_SECTION__=.
                0x800068e4        0x4 LONG 0x4e560000
 *(.init)
                0x800068e8        0x2 SHORT 0x4e5e
                0x800068ea        0x2 SHORT 0x4e75
                0x800068ec                __FINI_SECTION__=.
                0x800068ec        0x4 LONG 0x4e560000
 *(.fini)
                0x800068f0        0x2 SHORT 0x4e5e
                0x800068f2        0x2 SHORT 0x4e75
 *(.lit)
 *fill*         0x800068f4        0xc
                0x80006900                .=ALIGN(0x10)
                0x80006900                _etext=.
                0x80006900                etext=.

.data           0x80006900        0x0
                0x80006900                copy_start=.
 *(.shdata)
 *(.data)
 *(.gnu.linkonce.d.*)
                0x80006900                .=ALIGN(0x10)
                0x80006900                _edata=.
                0x80006900                copy_end=.

.got
 *(.got.plt)
 *(.got)

EntryList       0x80006900      0x110
 *(EntryList)
 EntryList      0x80006900      0x110 S2_LastChange.o
                0x80006900                S2_LastChange_Entry
                0x80006a10                .=ALIGN(0x4)

FunctionList    0x80006a10        0x4
 *(FunctionList)
 FunctionList   0x80006a10        0x4 globals.o
                0x80006a10                g_pFunctions
                0x80006a14                .=ALIGN(0x4)

.bss            0x80006a14        0x0
                0x80006a14                .=ALIGN(0x4)
                0x80006a14                __bss_start=.
 *(.shbss)
 *(.bss)
 *(COMMON)
                0x80006a18                _end=ALIGN(0x8)
                0x80006a18                __end=_end

.stab
 *(.stab)

.stabstr
 *(.stabstr)

.debug
 *(.debug)

.line
 *(.line)

.debug_srcinfo
 *(.debug_srcinfo)

.debug_sfnames
 *(.debug_sfnames)

.debug_aranges
 *(.debug_aranges)

.debug_pubnames
 *(.debug_pubnames)

.debug_info
 *(.debug_info)

.debug_abbrev
 *(.debug_abbrev)

.debug_line
 *(.debug_line)

.debug_frame
 *(.debug_frame)

.debug_str
 *(.debug_str)

.debug_loc
 *(.debug_loc)

.debug_macinfo
 *(.debug_macinfo)

.debug_weaknames
 *(.debug_weaknames)

.debug_funcnames
 *(.debug_funcnames)

.debug_typenames
 *(.debug_typenames)

.debug_varnames
 *(.debug_varnames)
LOAD S2_LastChange.o
LOAD globals.o
LOAD library.o
OUTPUT(S2_LastChange.elf elf32-m68k)

.comment        0x80006a14       0x72
 .comment       0x80006a14       0x26 S2_LastChange.o
 .comment       0x80006a3a       0x26 globals.o
 .comment       0x80006a60       0x26 library.o
