
Memory Configuration

Name             Origin             Length             Attributes
ram              0x80000000         0x00500000         xrw
*default*        0x00000000         0xffffffff

Linker script and memory map

                0x00000000                __DYNAMIC=0x0
                0x00400000                PROVIDE (__stack, 0x400000)
                0x00000000                PROVIDE (hardware_init_hook, 0x0)
                0x00000000                PROVIDE (_hardware_init_hook, 0x0)
                0x00000000                PROVIDE (software_init_hook, 0x0)
                0x00000000                PROVIDE (_software_init_hook, 0x0)

.text           0x80000000     0x6870
 *(.text)
 .text          0x80000000      0x182 S2_Digitalanychange.o
                0x800000b6                S2_Digitalanychange_main
                0x80000000                S2_Digitalanychange_EventHandler
                0x80000114                S2_DigitalanychangeEventHandler00000
 *fill*         0x80000182        0x2
 .text          0x80000184     0x5836 library.o
                0x80004370                RotateRightLong
                0x8000497e                IsSystem
                0x800042d4                Seed
                0x80001bcc                Remove
                0x80003f50                Ltoa
                0x80003c7c                Atoi
                0x80002fe4                InitRampInfoArray
                0x8000472a                Right
                0x8000575a                LockInputSema
                0x800041fe                Mod
                0x800043e6                Getc
                0x80004132                SMuldiv
                0x80004960                IsHidden
                0x80004016                Min
                0x8000556e                hextosi
                0x80004b04                WriteIntegerArray
                0x8000507a                GetSignedIntArrayElementPtr
                0x8000399e                CheckStructArray
                0x80005582                hextosl
                0x80004c8a                WriteSignedIntegerArray
                0x80003666                InitStringParamArray
                0x80002938                ReadSignedLongIntegerArray
                0x8000185a                GatherToDelimiter
                0x8000348a                InitStringArray
                0x80003ff0                Max
                0x800049ba                IsReadOnly
                0x800040fa                SMax
                0x800019fe                GatherByLength
                0x80003e8a                Chr
                0x80004adc                ReadSignedLongInteger
                0x80003f08                Itohex
                0x80003910                GetStructArrayElement
                0x80003c04                UNS_SetByte
                0x800046fe                ReverseFindi
                0x80002de0                ReadStringArray
                0x80004e8a                GetIntArrayElementPtr
                0x8000453a                Lower
                0x800042f0                RotateLeft
                0x800056a2                ResizeIfAutogrow
                0x80003110                CheckInputArray
                0x800006f2                ResizeStringArray
                0x80003e1c                Atosl
                0x80003c44                High
                0x800042a0                Rnd
                0x800041c2                UMod
                0x80004346                RotateLeftLong
                0x800057ce                FindNumericChar
                0x800052d2                CheckIOArrayBounds2
                0x80004918                MakeProgramFilename
                0x80004116                SMin
                0x8000446e                Left
                0x800043b0                CheckBufferThreshold
                0x80004a94                ReadSignedInteger
                0x80003c6e                LowWord
                0x80000184                Bit
                0x80004a44                ReadLongInteger
                0x80003a82                Byte
                0x80004f82                GetLongArrayElementPtr
                0x800046d0                ReverseFind
                0x8000492e                GetSeries
                0x8000589a                InitTcpServer
                0x80004522                Len
                0x800053a2                InitializeRampInfoInternal
                0x8000403c                Divide
                0x80003d88                Atol
                0x80004924                GetModelNumber
                0x8000526a                CheckIOArrayBounds
                0x8000316a                CheckStringInputArray
                0x80004d4c                WriteSignedLongIntegerArray
                0x8000385a                GetStringArrayElement
                0x80003f94                Ltohex
                0x80003ec0                Itoa
                0x8000431a                RotateRight
                0x80001eba                InternalReverseFind
                0x80004a24                WriteLongInteger
                0x8000338e                InitDynamicStringStruct
                0x80003280                SetStringArray
                0x80002716                ReadSignedIntegerArray
                0x800031c4                SetOutputArray
                0x800049d4                WriteInteger
                0x800037ee                InitStructDynamicArray
                0x80002144                SetString
                0x8000423a                Random
                0x80004a6c                WriteSignedInteger
                0x800003e8                Find
                0x80004938                GetProgramNumber
                0x8000460e                Mid
                0x8000580c                InitTcpClient
                0x800012d6                ResizeStructArray
                0x80005172                GetSignedLongArrayElementPtr
                0x80005594                hextol
                0x80002b5a                ReadString
                0x80003520                InitDynamicStringArray
                0x8000567a                UpperChar
                0x80003d18                Atosi
                0x800049fc                ReadInteger
                0x800040ae                Muldiv
                0x80003232                SetStringOutputArray
                0x80004e10                WriteString
                0x80000d4a                ResizeIntegerArray
                0x800030d8                InitInOutArray
                0x8000372e                InitNvramStringArray
                0x80003fd8                Abs
                0x8000417e                SDivide
                0x800022d4                ReadIntegerArray
                0x80000294                CompareStrings
                0x80005652                LowerChar
                0x8000592a                InitUdpSocket
                0x80004398                ClearBuffer
                0x800047e6                Upper
                0x800037ca                InitStructArray
                0x800048bc                MakeLower
                0x8000499c                IsVolume
                0x80001d26                RemoveByLength
                0x80003a1a                CheckStringOutputArrayIndex
                0x80004bc6                WriteLongIntegerArray
                0x8000544e                InitRampInfoStructArray
                0x80003c60                HighWord
                0x8000055c                ResizeString
                0x80004942                IsDirectory
                0x800024f4                ReadLongIntegerArray
                0x80003c52                Low
                0x80001700                Gather
                0x800048ea                MakeUpper
                0x80003350                InitStringStruct
                0x8000533a                CheckStringArrayBounds
                0x80004080                CheckDenominator
                0x80005556                hextoi
                0x80002c78                WriteStringArray
                0x80003b42                SetByte
                0x800053f8                InitializeRampInfo
                0x80005794                UnLockInputSema
                0x80004abc                WriteSignedLongInteger
                0x80003442                InitNvramStringStruct
 *fill*         0x800059ba        0x6
                0x800059c0                .=ALIGN(0x10)
 *(.eh_frame)
                0x800059c0                .=ALIGN(0x10)
 *(.gnu.linkonce.t.*)
                0x800059c0                .=ALIGN(0x4)
                0x800059c0                __CTOR_LIST__=.
                0x800059c0                ___CTOR_LIST__=.
                0x800059c0        0x4 LONG 0x0 (((__CTOR_END__-__CTOR_LIST__)/0x4)-0x2)
 *(.ctors)
                0x800059c4        0x4 LONG 0x0
                0x800059c8                __CTOR_END__=.
                0x800059c8                __DTOR_LIST__=.
                0x800059c8                ___DTOR_LIST__=.
                0x800059c8        0x4 LONG 0x0 (((__DTOR_END__-__DTOR_LIST__)/0x4)-0x2)
 *(.dtors)
                0x800059cc        0x4 LONG 0x0
                0x800059d0                __DTOR_END__=.
 *(.rodata)
 .rodata        0x800059d0      0x233 S2_Digitalanychange.o
 .rodata        0x80005c03      0xc54 library.o
 *(.gcc_except_table)
 *fill*         0x80006857        0x1
                0x80006858                .=ALIGN(0x2)
                0x80006858                __INIT_SECTION__=.
                0x80006858        0x4 LONG 0x4e560000
 *(.init)
                0x8000685c        0x2 SHORT 0x4e5e
                0x8000685e        0x2 SHORT 0x4e75
                0x80006860                __FINI_SECTION__=.
                0x80006860        0x4 LONG 0x4e560000
 *(.fini)
                0x80006864        0x2 SHORT 0x4e5e
                0x80006866        0x2 SHORT 0x4e75
 *(.lit)
 *fill*         0x80006868        0x8
                0x80006870                .=ALIGN(0x10)
                0x80006870                _etext=.
                0x80006870                etext=.

.data           0x80006870        0x0
                0x80006870                copy_start=.
 *(.shdata)
 *(.data)
 *(.gnu.linkonce.d.*)
                0x80006870                .=ALIGN(0x10)
                0x80006870                _edata=.
                0x80006870                copy_end=.

.got
 *(.got.plt)
 *(.got)

EntryList       0x80006870      0x110
 *(EntryList)
 EntryList      0x80006870      0x110 S2_Digitalanychange.o
                0x80006870                S2_Digitalanychange_Entry
                0x80006980                .=ALIGN(0x4)

FunctionList    0x80006980        0x4
 *(FunctionList)
 FunctionList   0x80006980        0x4 globals.o
                0x80006980                g_pFunctions
                0x80006984                .=ALIGN(0x4)

.bss            0x80006984        0x0
                0x80006984                .=ALIGN(0x4)
                0x80006984                __bss_start=.
 *(.shbss)
 *(.bss)
 *(COMMON)
                0x80006988                _end=ALIGN(0x8)
                0x80006988                __end=_end

.stab
 *(.stab)

.stabstr
 *(.stabstr)

.debug
 *(.debug)

.line
 *(.line)

.debug_srcinfo
 *(.debug_srcinfo)

.debug_sfnames
 *(.debug_sfnames)

.debug_aranges
 *(.debug_aranges)

.debug_pubnames
 *(.debug_pubnames)

.debug_info
 *(.debug_info)

.debug_abbrev
 *(.debug_abbrev)

.debug_line
 *(.debug_line)

.debug_frame
 *(.debug_frame)

.debug_str
 *(.debug_str)

.debug_loc
 *(.debug_loc)

.debug_macinfo
 *(.debug_macinfo)

.debug_weaknames
 *(.debug_weaknames)

.debug_funcnames
 *(.debug_funcnames)

.debug_typenames
 *(.debug_typenames)

.debug_varnames
 *(.debug_varnames)
LOAD S2_Digitalanychange.o
LOAD globals.o
LOAD library.o
OUTPUT(S2_Digitalanychange.elf elf32-m68k)

.comment        0x80006984       0x72
 .comment       0x80006984       0x26 S2_Digitalanychange.o
 .comment       0x800069aa       0x26 globals.o
 .comment       0x800069d0       0x26 library.o
