
Memory Configuration

Name             Origin             Length             Attributes
ram              0x80000000         0x00500000         xrw
*default*        0x00000000         0xffffffff

Linker script and memory map

                0x00000000                __DYNAMIC=0x0
                0x00400000                PROVIDE (__stack, 0x400000)
                0x00000000                PROVIDE (hardware_init_hook, 0x0)
                0x00000000                PROVIDE (_hardware_init_hook, 0x0)
                0x00000000                PROVIDE (software_init_hook, 0x0)
                0x00000000                PROVIDE (_software_init_hook, 0x0)

.text           0x80000000     0x6f30
 *(.text)
 .text          0x80000000      0x7aa S2_Serial_Digital_Decompressor.o
                0x800006ec                S2_Serial_Digital_Decompressor_main
                0x80000000                S2_Serial_Digital_DecompressorEventHandler00000
                0x80000630                S2_Serial_Digital_Decompressor_EventHandler
 *fill*         0x800007aa        0x2
 .text          0x800007ac     0x5836 library.o
                0x80004998                RotateRightLong
                0x80004fa6                IsSystem
                0x800048fc                Seed
                0x800021f4                Remove
                0x80004578                Ltoa
                0x800042a4                Atoi
                0x8000360c                InitRampInfoArray
                0x80004d52                Right
                0x80005d82                LockInputSema
                0x80004826                Mod
                0x80004a0e                Getc
                0x8000475a                SMuldiv
                0x80004f88                IsHidden
                0x8000463e                Min
                0x80005b96                hextosi
                0x8000512c                WriteIntegerArray
                0x800056a2                GetSignedIntArrayElementPtr
                0x80003fc6                CheckStructArray
                0x80005baa                hextosl
                0x800052b2                WriteSignedIntegerArray
                0x80003c8e                InitStringParamArray
                0x80002f60                ReadSignedLongIntegerArray
                0x80001e82                GatherToDelimiter
                0x80003ab2                InitStringArray
                0x80004618                Max
                0x80004fe2                IsReadOnly
                0x80004722                SMax
                0x80002026                GatherByLength
                0x800044b2                Chr
                0x80005104                ReadSignedLongInteger
                0x80004530                Itohex
                0x80003f38                GetStructArrayElement
                0x8000422c                UNS_SetByte
                0x80004d26                ReverseFindi
                0x80003408                ReadStringArray
                0x800054b2                GetIntArrayElementPtr
                0x80004b62                Lower
                0x80004918                RotateLeft
                0x80005cca                ResizeIfAutogrow
                0x80003738                CheckInputArray
                0x80000d1a                ResizeStringArray
                0x80004444                Atosl
                0x8000426c                High
                0x800048c8                Rnd
                0x800047ea                UMod
                0x8000496e                RotateLeftLong
                0x80005df6                FindNumericChar
                0x800058fa                CheckIOArrayBounds2
                0x80004f40                MakeProgramFilename
                0x8000473e                SMin
                0x80004a96                Left
                0x800049d8                CheckBufferThreshold
                0x800050bc                ReadSignedInteger
                0x80004296                LowWord
                0x800007ac                Bit
                0x8000506c                ReadLongInteger
                0x800040aa                Byte
                0x800055aa                GetLongArrayElementPtr
                0x80004cf8                ReverseFind
                0x80004f56                GetSeries
                0x80005ec2                InitTcpServer
                0x80004b4a                Len
                0x800059ca                InitializeRampInfoInternal
                0x80004664                Divide
                0x800043b0                Atol
                0x80004f4c                GetModelNumber
                0x80005892                CheckIOArrayBounds
                0x80003792                CheckStringInputArray
                0x80005374                WriteSignedLongIntegerArray
                0x80003e82                GetStringArrayElement
                0x800045bc                Ltohex
                0x800044e8                Itoa
                0x80004942                RotateRight
                0x800024e2                InternalReverseFind
                0x8000504c                WriteLongInteger
                0x800039b6                InitDynamicStringStruct
                0x800038a8                SetStringArray
                0x80002d3e                ReadSignedIntegerArray
                0x800037ec                SetOutputArray
                0x80004ffc                WriteInteger
                0x80003e16                InitStructDynamicArray
                0x8000276c                SetString
                0x80004862                Random
                0x80005094                WriteSignedInteger
                0x80000a10                Find
                0x80004f60                GetProgramNumber
                0x80004c36                Mid
                0x80005e34                InitTcpClient
                0x800018fe                ResizeStructArray
                0x8000579a                GetSignedLongArrayElementPtr
                0x80005bbc                hextol
                0x80003182                ReadString
                0x80003b48                InitDynamicStringArray
                0x80005ca2                UpperChar
                0x80004340                Atosi
                0x80005024                ReadInteger
                0x800046d6                Muldiv
                0x8000385a                SetStringOutputArray
                0x80005438                WriteString
                0x80001372                ResizeIntegerArray
                0x80003700                InitInOutArray
                0x80003d56                InitNvramStringArray
                0x80004600                Abs
                0x800047a6                SDivide
                0x800028fc                ReadIntegerArray
                0x800008bc                CompareStrings
                0x80005c7a                LowerChar
                0x80005f52                InitUdpSocket
                0x800049c0                ClearBuffer
                0x80004e0e                Upper
                0x80003df2                InitStructArray
                0x80004ee4                MakeLower
                0x80004fc4                IsVolume
                0x8000234e                RemoveByLength
                0x80004042                CheckStringOutputArrayIndex
                0x800051ee                WriteLongIntegerArray
                0x80005a76                InitRampInfoStructArray
                0x80004288                HighWord
                0x80000b84                ResizeString
                0x80004f6a                IsDirectory
                0x80002b1c                ReadLongIntegerArray
                0x8000427a                Low
                0x80001d28                Gather
                0x80004f12                MakeUpper
                0x80003978                InitStringStruct
                0x80005962                CheckStringArrayBounds
                0x800046a8                CheckDenominator
                0x80005b7e                hextoi
                0x800032a0                WriteStringArray
                0x8000416a                SetByte
                0x80005a20                InitializeRampInfo
                0x80005dbc                UnLockInputSema
                0x800050e4                WriteSignedLongInteger
                0x80003a6a                InitNvramStringStruct
 *fill*         0x80005fe2        0xe
                0x80005ff0                .=ALIGN(0x10)
 *(.eh_frame)
                0x80005ff0                .=ALIGN(0x10)
 *(.gnu.linkonce.t.*)
                0x80005ff0                .=ALIGN(0x4)
                0x80005ff0                __CTOR_LIST__=.
                0x80005ff0                ___CTOR_LIST__=.
                0x80005ff0        0x4 LONG 0x0 (((__CTOR_END__-__CTOR_LIST__)/0x4)-0x2)
 *(.ctors)
                0x80005ff4        0x4 LONG 0x0
                0x80005ff8                __CTOR_END__=.
                0x80005ff8                __DTOR_LIST__=.
                0x80005ff8                ___DTOR_LIST__=.
                0x80005ff8        0x4 LONG 0x0 (((__DTOR_END__-__DTOR_LIST__)/0x4)-0x2)
 *(.dtors)
                0x80005ffc        0x4 LONG 0x0
                0x80006000                __DTOR_END__=.
 *(.rodata)
 .rodata        0x80006000      0x2c1 S2_Serial_Digital_Decompressor.o
 .rodata        0x800062c1      0xc54 library.o
 *(.gcc_except_table)
 *fill*         0x80006f15        0x1
                0x80006f16                .=ALIGN(0x2)
                0x80006f16                __INIT_SECTION__=.
                0x80006f16        0x4 LONG 0x4e560000
 *(.init)
                0x80006f1a        0x2 SHORT 0x4e5e
                0x80006f1c        0x2 SHORT 0x4e75
                0x80006f1e                __FINI_SECTION__=.
                0x80006f1e        0x4 LONG 0x4e560000
 *(.fini)
                0x80006f22        0x2 SHORT 0x4e5e
                0x80006f24        0x2 SHORT 0x4e75
 *(.lit)
 *fill*         0x80006f26        0xa
                0x80006f30                .=ALIGN(0x10)
                0x80006f30                _etext=.
                0x80006f30                etext=.

.data           0x80006f30        0x0
                0x80006f30                copy_start=.
 *(.shdata)
 *(.data)
 *(.gnu.linkonce.d.*)
                0x80006f30                .=ALIGN(0x10)
                0x80006f30                _edata=.
                0x80006f30                copy_end=.

.got
 *(.got.plt)
 *(.got)

EntryList       0x80006f30      0x110
 *(EntryList)
 EntryList      0x80006f30      0x110 S2_Serial_Digital_Decompressor.o
                0x80006f30                S2_Serial_Digital_Decompressor_Entry
                0x80007040                .=ALIGN(0x4)

FunctionList    0x80007040        0x4
 *(FunctionList)
 FunctionList   0x80007040        0x4 globals.o
                0x80007040                g_pFunctions
                0x80007044                .=ALIGN(0x4)

.bss            0x80007044        0x0
                0x80007044                .=ALIGN(0x4)
                0x80007044                __bss_start=.
 *(.shbss)
 *(.bss)
 *(COMMON)
                0x80007048                _end=ALIGN(0x8)
                0x80007048                __end=_end

.stab
 *(.stab)

.stabstr
 *(.stabstr)

.debug
 *(.debug)

.line
 *(.line)

.debug_srcinfo
 *(.debug_srcinfo)

.debug_sfnames
 *(.debug_sfnames)

.debug_aranges
 *(.debug_aranges)

.debug_pubnames
 *(.debug_pubnames)

.debug_info
 *(.debug_info)

.debug_abbrev
 *(.debug_abbrev)

.debug_line
 *(.debug_line)

.debug_frame
 *(.debug_frame)

.debug_str
 *(.debug_str)

.debug_loc
 *(.debug_loc)

.debug_macinfo
 *(.debug_macinfo)

.debug_weaknames
 *(.debug_weaknames)

.debug_funcnames
 *(.debug_funcnames)

.debug_typenames
 *(.debug_typenames)

.debug_varnames
 *(.debug_varnames)
LOAD S2_Serial_Digital_Decompressor.o
LOAD globals.o
LOAD library.o
OUTPUT(S2_Serial_Digital_Decompressor.elf elf32-m68k)

.comment        0x80007044       0x72
 .comment       0x80007044       0x26 S2_Serial_Digital_Decompressor.o
 .comment       0x8000706a       0x26 globals.o
 .comment       0x80007090       0x26 library.o
