
Memory Configuration

Name             Origin             Length             Attributes
ram              0x80000000         0x00500000         xrw
*default*        0x00000000         0xffffffff

Linker script and memory map

                0x00000000                __DYNAMIC=0x0
                0x00400000                PROVIDE (__stack, 0x400000)
                0x00000000                PROVIDE (hardware_init_hook, 0x0)
                0x00000000                PROVIDE (_hardware_init_hook, 0x0)
                0x00000000                PROVIDE (software_init_hook, 0x0)
                0x00000000                PROVIDE (_software_init_hook, 0x0)

.text           0x80000000     0x68a0
 *(.text)
 .text          0x80000000      0x1b8 S2_serialanychange.o
                0x800000d0                S2_serialanychange_main
                0x80000000                S2_serialanychange_EventHandler
                0x8000014a                S2_serialanychangeEventHandler00000
 .text          0x800001b8     0x5836 library.o
                0x800043a4                RotateRightLong
                0x800049b2                IsSystem
                0x80004308                Seed
                0x80001c00                Remove
                0x80003f84                Ltoa
                0x80003cb0                Atoi
                0x80003018                InitRampInfoArray
                0x8000475e                Right
                0x8000578e                LockInputSema
                0x80004232                Mod
                0x8000441a                Getc
                0x80004166                SMuldiv
                0x80004994                IsHidden
                0x8000404a                Min
                0x800055a2                hextosi
                0x80004b38                WriteIntegerArray
                0x800050ae                GetSignedIntArrayElementPtr
                0x800039d2                CheckStructArray
                0x800055b6                hextosl
                0x80004cbe                WriteSignedIntegerArray
                0x8000369a                InitStringParamArray
                0x8000296c                ReadSignedLongIntegerArray
                0x8000188e                GatherToDelimiter
                0x800034be                InitStringArray
                0x80004024                Max
                0x800049ee                IsReadOnly
                0x8000412e                SMax
                0x80001a32                GatherByLength
                0x80003ebe                Chr
                0x80004b10                ReadSignedLongInteger
                0x80003f3c                Itohex
                0x80003944                GetStructArrayElement
                0x80003c38                UNS_SetByte
                0x80004732                ReverseFindi
                0x80002e14                ReadStringArray
                0x80004ebe                GetIntArrayElementPtr
                0x8000456e                Lower
                0x80004324                RotateLeft
                0x800056d6                ResizeIfAutogrow
                0x80003144                CheckInputArray
                0x80000726                ResizeStringArray
                0x80003e50                Atosl
                0x80003c78                High
                0x800042d4                Rnd
                0x800041f6                UMod
                0x8000437a                RotateLeftLong
                0x80005802                FindNumericChar
                0x80005306                CheckIOArrayBounds2
                0x8000494c                MakeProgramFilename
                0x8000414a                SMin
                0x800044a2                Left
                0x800043e4                CheckBufferThreshold
                0x80004ac8                ReadSignedInteger
                0x80003ca2                LowWord
                0x800001b8                Bit
                0x80004a78                ReadLongInteger
                0x80003ab6                Byte
                0x80004fb6                GetLongArrayElementPtr
                0x80004704                ReverseFind
                0x80004962                GetSeries
                0x800058ce                InitTcpServer
                0x80004556                Len
                0x800053d6                InitializeRampInfoInternal
                0x80004070                Divide
                0x80003dbc                Atol
                0x80004958                GetModelNumber
                0x8000529e                CheckIOArrayBounds
                0x8000319e                CheckStringInputArray
                0x80004d80                WriteSignedLongIntegerArray
                0x8000388e                GetStringArrayElement
                0x80003fc8                Ltohex
                0x80003ef4                Itoa
                0x8000434e                RotateRight
                0x80001eee                InternalReverseFind
                0x80004a58                WriteLongInteger
                0x800033c2                InitDynamicStringStruct
                0x800032b4                SetStringArray
                0x8000274a                ReadSignedIntegerArray
                0x800031f8                SetOutputArray
                0x80004a08                WriteInteger
                0x80003822                InitStructDynamicArray
                0x80002178                SetString
                0x8000426e                Random
                0x80004aa0                WriteSignedInteger
                0x8000041c                Find
                0x8000496c                GetProgramNumber
                0x80004642                Mid
                0x80005840                InitTcpClient
                0x8000130a                ResizeStructArray
                0x800051a6                GetSignedLongArrayElementPtr
                0x800055c8                hextol
                0x80002b8e                ReadString
                0x80003554                InitDynamicStringArray
                0x800056ae                UpperChar
                0x80003d4c                Atosi
                0x80004a30                ReadInteger
                0x800040e2                Muldiv
                0x80003266                SetStringOutputArray
                0x80004e44                WriteString
                0x80000d7e                ResizeIntegerArray
                0x8000310c                InitInOutArray
                0x80003762                InitNvramStringArray
                0x8000400c                Abs
                0x800041b2                SDivide
                0x80002308                ReadIntegerArray
                0x800002c8                CompareStrings
                0x80005686                LowerChar
                0x8000595e                InitUdpSocket
                0x800043cc                ClearBuffer
                0x8000481a                Upper
                0x800037fe                InitStructArray
                0x800048f0                MakeLower
                0x800049d0                IsVolume
                0x80001d5a                RemoveByLength
                0x80003a4e                CheckStringOutputArrayIndex
                0x80004bfa                WriteLongIntegerArray
                0x80005482                InitRampInfoStructArray
                0x80003c94                HighWord
                0x80000590                ResizeString
                0x80004976                IsDirectory
                0x80002528                ReadLongIntegerArray
                0x80003c86                Low
                0x80001734                Gather
                0x8000491e                MakeUpper
                0x80003384                InitStringStruct
                0x8000536e                CheckStringArrayBounds
                0x800040b4                CheckDenominator
                0x8000558a                hextoi
                0x80002cac                WriteStringArray
                0x80003b76                SetByte
                0x8000542c                InitializeRampInfo
                0x800057c8                UnLockInputSema
                0x80004af0                WriteSignedLongInteger
                0x80003476                InitNvramStringStruct
 *fill*         0x800059ee        0x2
                0x800059f0                .=ALIGN(0x10)
 *(.eh_frame)
                0x800059f0                .=ALIGN(0x10)
 *(.gnu.linkonce.t.*)
                0x800059f0                .=ALIGN(0x4)
                0x800059f0                __CTOR_LIST__=.
                0x800059f0                ___CTOR_LIST__=.
                0x800059f0        0x4 LONG 0x0 (((__CTOR_END__-__CTOR_LIST__)/0x4)-0x2)
 *(.ctors)
                0x800059f4        0x4 LONG 0x0
                0x800059f8                __CTOR_END__=.
                0x800059f8                __DTOR_LIST__=.
                0x800059f8                ___DTOR_LIST__=.
                0x800059f8        0x4 LONG 0x0 (((__DTOR_END__-__DTOR_LIST__)/0x4)-0x2)
 *(.dtors)
                0x800059fc        0x4 LONG 0x0
                0x80005a00                __DTOR_END__=.
 *(.rodata)
 .rodata        0x80005a00      0x233 S2_serialanychange.o
 .rodata        0x80005c33      0xc54 library.o
 *(.gcc_except_table)
 *fill*         0x80006887        0x1
                0x80006888                .=ALIGN(0x2)
                0x80006888                __INIT_SECTION__=.
                0x80006888        0x4 LONG 0x4e560000
 *(.init)
                0x8000688c        0x2 SHORT 0x4e5e
                0x8000688e        0x2 SHORT 0x4e75
                0x80006890                __FINI_SECTION__=.
                0x80006890        0x4 LONG 0x4e560000
 *(.fini)
                0x80006894        0x2 SHORT 0x4e5e
                0x80006896        0x2 SHORT 0x4e75
 *(.lit)
 *fill*         0x80006898        0x8
                0x800068a0                .=ALIGN(0x10)
                0x800068a0                _etext=.
                0x800068a0                etext=.

.data           0x800068a0        0x0
                0x800068a0                copy_start=.
 *(.shdata)
 *(.data)
 *(.gnu.linkonce.d.*)
                0x800068a0                .=ALIGN(0x10)
                0x800068a0                _edata=.
                0x800068a0                copy_end=.

.got
 *(.got.plt)
 *(.got)

EntryList       0x800068a0      0x110
 *(EntryList)
 EntryList      0x800068a0      0x110 S2_serialanychange.o
                0x800068a0                S2_serialanychange_Entry
                0x800069b0                .=ALIGN(0x4)

FunctionList    0x800069b0        0x4
 *(FunctionList)
 FunctionList   0x800069b0        0x4 globals.o
                0x800069b0                g_pFunctions
                0x800069b4                .=ALIGN(0x4)

.bss            0x800069b4        0x0
                0x800069b4                .=ALIGN(0x4)
                0x800069b4                __bss_start=.
 *(.shbss)
 *(.bss)
 *(COMMON)
                0x800069b8                _end=ALIGN(0x8)
                0x800069b8                __end=_end

.stab
 *(.stab)

.stabstr
 *(.stabstr)

.debug
 *(.debug)

.line
 *(.line)

.debug_srcinfo
 *(.debug_srcinfo)

.debug_sfnames
 *(.debug_sfnames)

.debug_aranges
 *(.debug_aranges)

.debug_pubnames
 *(.debug_pubnames)

.debug_info
 *(.debug_info)

.debug_abbrev
 *(.debug_abbrev)

.debug_line
 *(.debug_line)

.debug_frame
 *(.debug_frame)

.debug_str
 *(.debug_str)

.debug_loc
 *(.debug_loc)

.debug_macinfo
 *(.debug_macinfo)

.debug_weaknames
 *(.debug_weaknames)

.debug_funcnames
 *(.debug_funcnames)

.debug_typenames
 *(.debug_typenames)

.debug_varnames
 *(.debug_varnames)
LOAD S2_serialanychange.o
LOAD globals.o
LOAD library.o
OUTPUT(S2_serialanychange.elf elf32-m68k)

.comment        0x800069b4       0x72
 .comment       0x800069b4       0x26 S2_serialanychange.o
 .comment       0x800069da       0x26 globals.o
 .comment       0x80006a00       0x26 library.o
