
Memory Configuration

Name             Origin             Length             Attributes
ram              0x80000000         0x00500000         xrw
*default*        0x00000000         0xffffffff

Linker script and memory map

                0x00000000                __DYNAMIC=0x0
                0x00400000                PROVIDE (__stack, 0x400000)
                0x00000000                PROVIDE (hardware_init_hook, 0x0)
                0x00000000                PROVIDE (_hardware_init_hook, 0x0)
                0x00000000                PROVIDE (software_init_hook, 0x0)
                0x00000000                PROVIDE (_software_init_hook, 0x0)

.text           0x80000000     0x6ad0
 *(.text)
 .text          0x80000000      0x370 S2_LastChange.o
                0x80000000                S2_LastChangeEventHandler00000
                0x800002fe                S2_LastChange_main
                0x80000242                S2_LastChange_EventHandler
 .text          0x80000370     0x5836 library.o
                0x8000455c                RotateRightLong
                0x80004b6a                IsSystem
                0x800044c0                Seed
                0x80001db8                Remove
                0x8000413c                Ltoa
                0x80003e68                Atoi
                0x800031d0                InitRampInfoArray
                0x80004916                Right
                0x80005946                LockInputSema
                0x800043ea                Mod
                0x800045d2                Getc
                0x8000431e                SMuldiv
                0x80004b4c                IsHidden
                0x80004202                Min
                0x8000575a                hextosi
                0x80004cf0                WriteIntegerArray
                0x80005266                GetSignedIntArrayElementPtr
                0x80003b8a                CheckStructArray
                0x8000576e                hextosl
                0x80004e76                WriteSignedIntegerArray
                0x80003852                InitStringParamArray
                0x80002b24                ReadSignedLongIntegerArray
                0x80001a46                GatherToDelimiter
                0x80003676                InitStringArray
                0x800041dc                Max
                0x80004ba6                IsReadOnly
                0x800042e6                SMax
                0x80001bea                GatherByLength
                0x80004076                Chr
                0x80004cc8                ReadSignedLongInteger
                0x800040f4                Itohex
                0x80003afc                GetStructArrayElement
                0x80003df0                UNS_SetByte
                0x800048ea                ReverseFindi
                0x80002fcc                ReadStringArray
                0x80005076                GetIntArrayElementPtr
                0x80004726                Lower
                0x800044dc                RotateLeft
                0x8000588e                ResizeIfAutogrow
                0x800032fc                CheckInputArray
                0x800008de                ResizeStringArray
                0x80004008                Atosl
                0x80003e30                High
                0x8000448c                Rnd
                0x800043ae                UMod
                0x80004532                RotateLeftLong
                0x800059ba                FindNumericChar
                0x800054be                CheckIOArrayBounds2
                0x80004b04                MakeProgramFilename
                0x80004302                SMin
                0x8000465a                Left
                0x8000459c                CheckBufferThreshold
                0x80004c80                ReadSignedInteger
                0x80003e5a                LowWord
                0x80000370                Bit
                0x80004c30                ReadLongInteger
                0x80003c6e                Byte
                0x8000516e                GetLongArrayElementPtr
                0x800048bc                ReverseFind
                0x80004b1a                GetSeries
                0x80005a86                InitTcpServer
                0x8000470e                Len
                0x8000558e                InitializeRampInfoInternal
                0x80004228                Divide
                0x80003f74                Atol
                0x80004b10                GetModelNumber
                0x80005456                CheckIOArrayBounds
                0x80003356                CheckStringInputArray
                0x80004f38                WriteSignedLongIntegerArray
                0x80003a46                GetStringArrayElement
                0x80004180                Ltohex
                0x800040ac                Itoa
                0x80004506                RotateRight
                0x800020a6                InternalReverseFind
                0x80004c10                WriteLongInteger
                0x8000357a                InitDynamicStringStruct
                0x8000346c                SetStringArray
                0x80002902                ReadSignedIntegerArray
                0x800033b0                SetOutputArray
                0x80004bc0                WriteInteger
                0x800039da                InitStructDynamicArray
                0x80002330                SetString
                0x80004426                Random
                0x80004c58                WriteSignedInteger
                0x800005d4                Find
                0x80004b24                GetProgramNumber
                0x800047fa                Mid
                0x800059f8                InitTcpClient
                0x800014c2                ResizeStructArray
                0x8000535e                GetSignedLongArrayElementPtr
                0x80005780                hextol
                0x80002d46                ReadString
                0x8000370c                InitDynamicStringArray
                0x80005866                UpperChar
                0x80003f04                Atosi
                0x80004be8                ReadInteger
                0x8000429a                Muldiv
                0x8000341e                SetStringOutputArray
                0x80004ffc                WriteString
                0x80000f36                ResizeIntegerArray
                0x800032c4                InitInOutArray
                0x8000391a                InitNvramStringArray
                0x800041c4                Abs
                0x8000436a                SDivide
                0x800024c0                ReadIntegerArray
                0x80000480                CompareStrings
                0x8000583e                LowerChar
                0x80005b16                InitUdpSocket
                0x80004584                ClearBuffer
                0x800049d2                Upper
                0x800039b6                InitStructArray
                0x80004aa8                MakeLower
                0x80004b88                IsVolume
                0x80001f12                RemoveByLength
                0x80003c06                CheckStringOutputArrayIndex
                0x80004db2                WriteLongIntegerArray
                0x8000563a                InitRampInfoStructArray
                0x80003e4c                HighWord
                0x80000748                ResizeString
                0x80004b2e                IsDirectory
                0x800026e0                ReadLongIntegerArray
                0x80003e3e                Low
                0x800018ec                Gather
                0x80004ad6                MakeUpper
                0x8000353c                InitStringStruct
                0x80005526                CheckStringArrayBounds
                0x8000426c                CheckDenominator
                0x80005742                hextoi
                0x80002e64                WriteStringArray
                0x80003d2e                SetByte
                0x800055e4                InitializeRampInfo
                0x80005980                UnLockInputSema
                0x80004ca8                WriteSignedLongInteger
                0x8000362e                InitNvramStringStruct
 *fill*         0x80005ba6        0xa
                0x80005bb0                .=ALIGN(0x10)
 *(.eh_frame)
                0x80005bb0                .=ALIGN(0x10)
 *(.gnu.linkonce.t.*)
                0x80005bb0                .=ALIGN(0x4)
                0x80005bb0                __CTOR_LIST__=.
                0x80005bb0                ___CTOR_LIST__=.
                0x80005bb0        0x4 LONG 0x0 (((__CTOR_END__-__CTOR_LIST__)/0x4)-0x2)
 *(.ctors)
                0x80005bb4        0x4 LONG 0x0
                0x80005bb8                __CTOR_END__=.
                0x80005bb8                __DTOR_LIST__=.
                0x80005bb8                ___DTOR_LIST__=.
                0x80005bb8        0x4 LONG 0x0 (((__DTOR_END__-__DTOR_LIST__)/0x4)-0x2)
 *(.dtors)
                0x80005bbc        0x4 LONG 0x0
                0x80005bc0                __DTOR_END__=.
 *(.rodata)
 .rodata        0x80005bc0      0x2a5 S2_LastChange.o
 .rodata        0x80005e65      0xc54 library.o
 *(.gcc_except_table)
 *fill*         0x80006ab9        0x1
                0x80006aba                .=ALIGN(0x2)
                0x80006aba                __INIT_SECTION__=.
                0x80006aba        0x4 LONG 0x4e560000
 *(.init)
                0x80006abe        0x2 SHORT 0x4e5e
                0x80006ac0        0x2 SHORT 0x4e75
                0x80006ac2                __FINI_SECTION__=.
                0x80006ac2        0x4 LONG 0x4e560000
 *(.fini)
                0x80006ac6        0x2 SHORT 0x4e5e
                0x80006ac8        0x2 SHORT 0x4e75
 *(.lit)
 *fill*         0x80006aca        0x6
                0x80006ad0                .=ALIGN(0x10)
                0x80006ad0                _etext=.
                0x80006ad0                etext=.

.data           0x80006ad0        0x0
                0x80006ad0                copy_start=.
 *(.shdata)
 *(.data)
 *(.gnu.linkonce.d.*)
                0x80006ad0                .=ALIGN(0x10)
                0x80006ad0                _edata=.
                0x80006ad0                copy_end=.

.got
 *(.got.plt)
 *(.got)

EntryList       0x80006ad0      0x110
 *(EntryList)
 EntryList      0x80006ad0      0x110 S2_LastChange.o
                0x80006ad0                S2_LastChange_Entry
                0x80006be0                .=ALIGN(0x4)

FunctionList    0x80006be0        0x4
 *(FunctionList)
 FunctionList   0x80006be0        0x4 globals.o
                0x80006be0                g_pFunctions
                0x80006be4                .=ALIGN(0x4)

.bss            0x80006be4        0x0
                0x80006be4                .=ALIGN(0x4)
                0x80006be4                __bss_start=.
 *(.shbss)
 *(.bss)
 *(COMMON)
                0x80006be8                _end=ALIGN(0x8)
                0x80006be8                __end=_end

.stab
 *(.stab)

.stabstr
 *(.stabstr)

.debug
 *(.debug)

.line
 *(.line)

.debug_srcinfo
 *(.debug_srcinfo)

.debug_sfnames
 *(.debug_sfnames)

.debug_aranges
 *(.debug_aranges)

.debug_pubnames
 *(.debug_pubnames)

.debug_info
 *(.debug_info)

.debug_abbrev
 *(.debug_abbrev)

.debug_line
 *(.debug_line)

.debug_frame
 *(.debug_frame)

.debug_str
 *(.debug_str)

.debug_loc
 *(.debug_loc)

.debug_macinfo
 *(.debug_macinfo)

.debug_weaknames
 *(.debug_weaknames)

.debug_funcnames
 *(.debug_funcnames)

.debug_typenames
 *(.debug_typenames)

.debug_varnames
 *(.debug_varnames)
LOAD S2_LastChange.o
LOAD globals.o
LOAD library.o
OUTPUT(S2_LastChange.elf elf32-m68k)

.comment        0x80006be4       0x72
 .comment       0x80006be4       0x26 S2_LastChange.o
 .comment       0x80006c0a       0x26 globals.o
 .comment       0x80006c30       0x26 library.o
